
> seven-four-clothing-client@0.1.0 build
> react-scripts build

Creating an optimized production build...
Failed to compile.

[eslint] 
src\pages\TransactionPage.js
Syntax error: Unterminated JSX contents. (3744:30) (3744:30)


